{"argv": ["apt-get", "update"], "at": "2026-09-28T23:59:13Z", "cwd": "/content"}
{"argv": ["apt-get", "install", "-y", "--no-install-recommends", "bcftools", "samtools", "tabix", "skopeo", "unzip", "curl", "time"], "at": "2026-09-28T23:59:19Z", "cwd": "/content"}
{"argv": ["/usr/bin/python3", "-m", "pip", "install", "--quiet", "--disable-pip-version-check", "udocker==1.3.17", "duckdb==1.5.6", "pyarrow==25.0.1", "pysam==0.23.3", "jsonschema==4.26.0", "PyYAML==6.0.3"], "at": "2026-09-28T23:59:37Z", "cwd": "/content"}
{"argv": ["skopeo", "inspect", "--format", "{{.Digest}}", "docker://quay.io/biocontainers/hap.py@sha256:d63b963a6cb01b4830393b22369e7b91d298e4156dde353739e74e4cfa4f96d0"], "at": "2026-09-28T23:59:52Z", "cwd": "/content"}
{"argv": ["skopeo", "inspect", "--format", "{{.Os}}/{{.Architecture}}", "docker://quay.io/biocontainers/hap.py@sha256:d63b963a6cb01b4830393b22369e7b91d298e4156dde353739e74e4cfa4f96d0"], "at": "2026-09-28T23:59:54Z", "cwd": "/content"}
{"argv": ["curl", "-L", "--fail", "--retry", "5", "--retry-delay", "2", "--continue-at", "-", "--output", "/content/omicsedge_phase1a/tools/rtg-tools-3.12.1-linux-x64.zip", "https://github.com/RealTimeGenomics/rtg-tools/releases/download/3.12.1/rtg-tools-3.12.1-linux-x64.zip"], "at": "2026-09-28T23:59:54Z", "cwd": "/content"}
{"argv": ["unzip", "-q", "-o", "/content/omicsedge_phase1a/tools/rtg-tools-3.12.1-linux-x64.zip", "-d", "/content/omicsedge_phase1a/tools"], "at": "2026-09-28T23:59:55Z", "cwd": "/content"}
{"argv": ["udocker", "--allow-root", "--version"], "at": "2026-09-28T23:59:57Z", "cwd": "/content"}
{"argv": ["udocker", "--allow-root", "install"], "at": "2026-09-28T23:59:57Z", "cwd": "/content"}
{"argv": ["udocker", "--allow-root", "pull", "quay.io/biocontainers/hap.py:0.3.15--py27hcb73b3d_0"], "at": "2026-09-29T00:00:03Z", "cwd": "/content"}
{"argv": ["skopeo", "inspect", "--format", "{{.Digest}}", "docker://quay.io/biocontainers/hap.py:0.3.15--py27hcb73b3d_0"], "at": "2026-09-29T00:00:15Z", "cwd": "/content"}
{"argv": ["udocker", "--allow-root", "rm", "phase1a-happy-0315"], "at": "2026-09-29T00:00:16Z", "cwd": "/content"}
{"argv": ["udocker", "--allow-root", "create", "--name=phase1a-happy-0315", "quay.io/biocontainers/hap.py:0.3.15--py27hcb73b3d_0"], "at": "2026-09-29T00:00:16Z", "cwd": "/content"}
{"argv": ["udocker", "--allow-root", "setup", "--execmode=P1", "phase1a-happy-0315"], "at": "2026-09-29T00:00:33Z", "cwd": "/content"}
{"argv": ["udocker", "--allow-root", "inspect", "-p", "phase1a-happy-0315"], "at": "2026-09-29T00:00:33Z", "cwd": "/content"}
{"argv": ["udocker", "--allow-root", "run", "--volume=/content:/content", "--volume=/content/omicsedge_phase1a/tools/rtg-tools-3.12.1:/opt/rtg-tools-3.12.1", "phase1a-happy-0315", "hap.py", "--version"], "at": "2026-09-29T00:00:44Z", "cwd": "/content"}
{"argv": ["udocker", "--allow-root", "run", "--volume=/content:/content", "--volume=/content/omicsedge_phase1a/tools/rtg-tools-3.12.1:/opt/rtg-tools-3.12.1", "phase1a-happy-0315", "hap.py", "--help"], "at": "2026-09-29T00:00:49Z", "cwd": "/content"}
{"argv": ["udocker", "--allow-root", "run", "--volume=/content:/content", "--volume=/content/omicsedge_phase1a/tools/rtg-tools-3.12.1:/opt/rtg-tools-3.12.1", "phase1a-happy-0315", "bash", "-lc", "command -v hap.py || command -v happy || true"], "at": "2026-09-29T00:00:53Z", "cwd": "/content"}
{"argv": ["udocker", "--allow-root", "run", "--volume=/content:/content", "--volume=/content/omicsedge_phase1a/tools/rtg-tools-3.12.1:/opt/rtg-tools-3.12.1", "phase1a-happy-0315", "bash", "-lc", "if command -v conda >/dev/null 2>&1; then conda list --json hap.py 2>/dev/null; else exit 127; fi"], "at": "2026-09-29T00:00:54Z", "cwd": "/content"}
{"argv": ["udocker", "--allow-root", "run", "--volume=/content:/content", "--volume=/content/omicsedge_phase1a/tools/rtg-tools-3.12.1:/opt/rtg-tools-3.12.1", "phase1a-happy-0315", "bash", "-lc", "if command -v conda >/dev/null 2>&1; then conda list hap.py 2>/dev/null; else exit 127; fi"], "at": "2026-09-29T00:00:54Z", "cwd": "/content"}
{"argv": ["udocker", "--allow-root", "run", "--volume=/content:/content", "--volume=/content/omicsedge_phase1a/tools/rtg-tools-3.12.1:/opt/rtg-tools-3.12.1", "phase1a-happy-0315", "bash", "-lc", "for root in /usr/local /opt /conda /usr; do\n  [ -d \"$root\" ] || continue\n  find \"$root\" -type f -path '*/conda-meta/hap.py-*.json' -print 2>/dev/null\ndone | sort -u | head -200"], "at": "2026-09-29T00:00:54Z", "cwd": "/content"}
{"argv": ["udocker", "--allow-root", "run", "--volume=/content:/content", "--volume=/content/omicsedge_phase1a/tools/rtg-tools-3.12.1:/opt/rtg-tools-3.12.1", "phase1a-happy-0315", "bash", "-lc", "for root in /usr/local /opt /conda; do\n  [ -d \"$root\" ] || continue\n  find \"$root\" -maxdepth 6 \\\n    \\( -type f -o -type d \\) \\\n    \\( -name 'hap.py-0.3.*' -o -name 'hap.py-*.tar.bz2' -o -name 'hap.py-*.conda' \\) \\\n    -print 2>/dev/null\ndone | sort -u | head -200"], "at": "2026-09-29T00:01:17Z", "cwd": "/content"}
{"argv": ["/content/omicsedge_phase1a/tools/rtg-tools-3.12.1/rtg", "version"], "at": "2026-09-29T00:01:26Z", "cwd": "/content"}
{"argv": ["bcftools", "--version"], "at": "2026-09-29T00:01:32Z", "cwd": "/content"}
{"argv": ["samtools", "--version"], "at": "2026-09-29T00:01:32Z", "cwd": "/content"}
{"argv": ["skopeo", "--version"], "at": "2026-09-29T00:01:32Z", "cwd": "/content"}
{"argv": ["curl", "-L", "--fail", "--retry", "5", "--retry-delay", "2", "--continue-at", "-", "--output", "/content/omicsedge_phase1a/source/README_pFDA-GIAB_Challenge-V2.md", "https://data.nist.gov/od/ds/ark:/88434/mds2-2336/README_pFDA-GIAB_Challenge-V2.md"], "at": "2026-09-29T00:02:04Z", "cwd": "/content"}
{"argv": ["curl", "-L", "--fail", "--show-error", "--retry", "5", "--retry-all-errors", "--retry-delay", "3", "--connect-timeout", "30", "--max-time", "1800", "--continue-at", "-", "--output", "/content/omicsedge_phase1a/source/README_pFDA-GIAB_Challenge-V2.md", "https://nist-midas.s3.amazonaws.com/pdrsrv/mds2-2336/README_pFDA-GIAB_Challenge-V2.md"], "at": "2026-09-29T00:55:25Z", "cwd": "/content"}
{"argv": ["curl", "-L", "--fail", "--show-error", "--retry", "5", "--retry-all-errors", "--retry-delay", "3", "--connect-timeout", "30", "--max-time", "1800", "--continue-at", "-", "--output", "/content/omicsedge_phase1a/source/submission_methods.txt", "https://nist-midas.s3.amazonaws.com/pdrsrv/mds2-2336/submission_methods.txt"], "at": "2026-09-29T00:55:25Z", "cwd": "/content"}
{"argv": ["curl", "-L", "--fail", "--show-error", "--retry", "5", "--retry-all-errors", "--retry-delay", "3", "--connect-timeout", "30", "--max-time", "1800", "--continue-at", "-", "--output", "/content/omicsedge_phase1a/source/anonymized_metadata_table.tsv", "https://raw.githubusercontent.com/usnistgov/giab-pFDA-2nd-challenge/db9ba067d374176252c06628795d7e368aade6e0/data-raw/anonymized_metadata_table.tsv"], "at": "2026-09-29T00:55:25Z", "cwd": "/content"}
{"argv": ["curl", "-L", "--fail", "--show-error", "--retry", "5", "--retry-all-errors", "--retry-delay", "3", "--connect-timeout", "30", "--max-time", "1800", "--continue-at", "-", "--output", "/content/omicsedge_phase1a/source/60Z59_HG002.vcf.gz", "https://nist-midas.s3.amazonaws.com/pdrsrv/mds2-2336/submission_vcfs/60Z59/60Z59_HG002.vcf.gz"], "at": "2026-09-29T00:55:26Z", "cwd": "/content"}
{"argv": ["curl", "-L", "--fail", "--show-error", "--retry", "5", "--retry-all-errors", "--retry-delay", "3", "--connect-timeout", "30", "--max-time", "1800", "--continue-at", "-", "--output", "/content/omicsedge_phase1a/source/RU88N_HG002.vcf.gz", "https://nist-midas.s3.amazonaws.com/pdrsrv/mds2-2336/submission_vcfs/RU88N/RU88N_HG002.vcf.gz"], "at": "2026-09-29T00:55:28Z", "cwd": "/content"}
{"argv": ["curl", "-L", "--fail", "--show-error", "--retry", "5", "--retry-all-errors", "--retry-delay", "3", "--connect-timeout", "30", "--max-time", "1800", "--continue-at", "-", "--output", "/content/omicsedge_phase1a/source/HG002_GRCh38_1_22_v4.2.1_benchmark.vcf.gz", "https://ftp-trace.ncbi.nlm.nih.gov/ReferenceSamples/giab/release/AshkenazimTrio/HG002_NA24385_son/NISTv4.2.1/GRCh38/HG002_GRCh38_1_22_v4.2.1_benchmark.vcf.gz"], "at": "2026-09-29T00:55:30Z", "cwd": "/content"}
{"argv": ["curl", "-L", "--fail", "--show-error", "--retry", "5", "--retry-all-errors", "--retry-delay", "3", "--connect-timeout", "30", "--max-time", "1800", "--continue-at", "-", "--output", "/content/omicsedge_phase1a/source/HG002_GRCh38_1_22_v4.2.1_benchmark.vcf.gz.tbi", "https://ftp-trace.ncbi.nlm.nih.gov/ReferenceSamples/giab/release/AshkenazimTrio/HG002_NA24385_son/NISTv4.2.1/GRCh38/HG002_GRCh38_1_22_v4.2.1_benchmark.vcf.gz.tbi"], "at": "2026-09-29T00:55:33Z", "cwd": "/content"}
{"argv": ["curl", "-L", "--fail", "--show-error", "--retry", "5", "--retry-all-errors", "--retry-delay", "3", "--connect-timeout", "30", "--max-time", "1800", "--continue-at", "-", "--output", "/content/omicsedge_phase1a/source/HG002_GRCh38_1_22_v4.2.1_benchmark_noinconsistent.bed", "https://ftp-trace.ncbi.nlm.nih.gov/ReferenceSamples/giab/release/AshkenazimTrio/HG002_NA24385_son/NISTv4.2.1/GRCh38/HG002_GRCh38_1_22_v4.2.1_benchmark_noinconsistent.bed"], "at": "2026-09-29T00:55:33Z", "cwd": "/content"}
{"argv": ["curl", "-L", "--fail", "--show-error", "--retry", "5", "--retry-all-errors", "--retry-delay", "3", "--connect-timeout", "30", "--max-time", "1800", "--continue-at", "-", "--output", "/content/omicsedge_phase1a/source/GCA_000001405.15_GRCh38_no_alt_analysis_set.fasta.gz", "https://ftp-trace.ncbi.nlm.nih.gov/ReferenceSamples/giab/release/references/GRCh38/GCA_000001405.15_GRCh38_no_alt_analysis_set.fasta.gz"], "at": "2026-09-29T00:55:33Z", "cwd": "/content"}
{"argv": ["curl", "-L", "--fail", "--show-error", "--retry", "5", "--retry-all-errors", "--retry-delay", "3", "--connect-timeout", "30", "--max-time", "1800", "--continue-at", "-", "--output", "/content/omicsedge_phase1a/source/GCA_000001405.15_GRCh38_no_alt_analysis_set.fasta.gz.fai", "https://ftp-trace.ncbi.nlm.nih.gov/ReferenceSamples/giab/release/references/GRCh38/GCA_000001405.15_GRCh38_no_alt_analysis_set.fasta.gz.fai"], "at": "2026-09-29T00:55:44Z", "cwd": "/content"}
{"argv": ["curl", "-L", "--fail", "--show-error", "--retry", "5", "--retry-all-errors", "--retry-delay", "3", "--connect-timeout", "30", "--max-time", "1800", "--continue-at", "-", "--output", "/content/omicsedge_phase1a/source/GCA_000001405.15_GRCh38_no_alt_analysis_set.fasta.gz.gzi", "https://ftp-trace.ncbi.nlm.nih.gov/ReferenceSamples/giab/release/references/GRCh38/GCA_000001405.15_GRCh38_no_alt_analysis_set.fasta.gz.gzi"], "at": "2026-09-29T00:55:44Z", "cwd": "/content"}
{"argv": ["bcftools", "view", "-h", "/content/omicsedge_phase1a/source/60Z59_HG002.vcf.gz"], "at": "2026-09-29T00:56:36Z", "cwd": "/content"}
{"argv": ["bcftools", "index", "--tbi", "--force", "/content/omicsedge_phase1a/source/60Z59_HG002.vcf.gz"], "at": "2026-09-29T00:56:36Z", "cwd": "/content"}
{"argv": ["bcftools", "view", "-h", "/content/omicsedge_phase1a/source/RU88N_HG002.vcf.gz"], "at": "2026-09-29T00:56:38Z", "cwd": "/content"}
{"argv": ["bcftools", "index", "--tbi", "--force", "/content/omicsedge_phase1a/source/RU88N_HG002.vcf.gz"], "at": "2026-09-29T00:56:38Z", "cwd": "/content"}
{"argv": ["samtools", "faidx", "/content/omicsedge_phase1a/source/GCA_000001405.15_GRCh38_no_alt_analysis_set.fasta.gz", "chr20"], "at": "2026-09-29T00:56:44Z", "cwd": "/content"}
{"argv": ["samtools", "faidx", "/content/omicsedge_phase1a/staged/GCA_000001405.15_GRCh38_no_alt_analysis_set.chr20.fasta"], "at": "2026-09-29T00:56:46Z", "cwd": "/content"}
{"argv": ["/content/omicsedge_phase1a/tools/rtg-tools-3.12.1/rtg", "format", "-o", "/content/omicsedge_phase1a/staged/GCA_000001405.15_GRCh38_no_alt_analysis_set.chr20.sdf", "/content/omicsedge_phase1a/staged/GCA_000001405.15_GRCh38_no_alt_analysis_set.chr20.fasta"], "at": "2026-09-29T00:56:46Z", "cwd": "/content"}
{"argv": ["bcftools", "view", "-r", "chr20:9999001-11001000", "-Oz", "-o", "/content/omicsedge_phase1a/staged/HG002_GRCh38_v4.2.1.chr20_9999000_11001000.vcf.gz", "/content/omicsedge_phase1a/source/HG002_GRCh38_1_22_v4.2.1_benchmark.vcf.gz"], "at": "2026-09-29T00:56:56Z", "cwd": "/content"}
{"argv": ["bcftools", "index", "--tbi", "--force", "/content/omicsedge_phase1a/staged/HG002_GRCh38_v4.2.1.chr20_9999000_11001000.vcf.gz"], "at": "2026-09-29T00:56:56Z", "cwd": "/content"}
{"argv": ["bcftools", "view", "-r", "chr20:9999001-11001000", "-Oz", "-o", "/content/omicsedge_phase1a/staged/60z59_HG002.chr20_9999000_11001000.vcf.gz", "/content/omicsedge_phase1a/source/60Z59_HG002.vcf.gz"], "at": "2026-09-29T00:56:56Z", "cwd": "/content"}
{"argv": ["bcftools", "index", "--tbi", "--force", "/content/omicsedge_phase1a/staged/60z59_HG002.chr20_9999000_11001000.vcf.gz"], "at": "2026-09-29T00:56:57Z", "cwd": "/content"}
{"argv": ["bcftools", "view", "-r", "chr20:9999001-11001000", "-Oz", "-o", "/content/omicsedge_phase1a/staged/ru88n_HG002.chr20_9999000_11001000.vcf.gz", "/content/omicsedge_phase1a/source/RU88N_HG002.vcf.gz"], "at": "2026-09-29T00:56:57Z", "cwd": "/content"}
{"argv": ["bcftools", "index", "--tbi", "--force", "/content/omicsedge_phase1a/staged/ru88n_HG002.chr20_9999000_11001000.vcf.gz"], "at": "2026-09-29T00:56:57Z", "cwd": "/content"}
{"argv": ["udocker", "--allow-root", "run", "--volume=/content:/content", "--volume=/content/omicsedge_phase1a/tools/rtg-tools-3.12.1:/opt/rtg-tools-3.12.1", "phase1a-happy-0315", "hap.py", "/content/omicsedge_phase1a/staged/HG002_GRCh38_v4.2.1.chr20_9999000_11001000.vcf.gz", "/content/omicsedge_phase1a/staged/60z59_HG002.chr20_9999000_11001000.vcf.gz", "-f", "/content/omicsedge_phase1a/staged/HG002_v4.2.1.chr20.padded.bed", "-r", "/content/omicsedge_phase1a/staged/GCA_000001405.15_GRCh38_no_alt_analysis_set.chr20.fasta", "-o", "/content/omicsedge_phase1a/runs/60z59/60z59.happy", "-V", "--engine=vcfeval", "--engine-vcfeval-path=/opt/rtg-tools-3.12.1/rtg", "--engine-vcfeval-template", "/content/omicsedge_phase1a/staged/GCA_000001405.15_GRCh38_no_alt_analysis_set.chr20.sdf", "--threads=2"], "at": "2026-09-29T00:57:02Z", "cwd": "/content"}
{"argv": ["/usr/bin/time", "-v", "-o", "/content/omicsedge_phase1a/runs/60z59/hap.py.time.txt", "udocker", "--allow-root", "run", "--volume=/content:/content", "--volume=/content/omicsedge_phase1a/tools/rtg-tools-3.12.1:/opt/rtg-tools-3.12.1", "phase1a-happy-0315", "hap.py", "/content/omicsedge_phase1a/staged/HG002_GRCh38_v4.2.1.chr20_9999000_11001000.vcf.gz", "/content/omicsedge_phase1a/staged/60z59_HG002.chr20_9999000_11001000.vcf.gz", "-f", "/content/omicsedge_phase1a/staged/HG002_v4.2.1.chr20.padded.bed", "-r", "/content/omicsedge_phase1a/staged/GCA_000001405.15_GRCh38_no_alt_analysis_set.chr20.fasta", "-o", "/content/omicsedge_phase1a/runs/60z59/60z59.happy", "-V", "--engine=vcfeval", "--engine-vcfeval-path=/opt/rtg-tools-3.12.1/rtg", "--engine-vcfeval-template", "/content/omicsedge_phase1a/staged/GCA_000001405.15_GRCh38_no_alt_analysis_set.chr20.sdf", "--threads=2"], "at": "2026-09-29T00:57:02Z", "cwd": "/content"}
{"argv": ["udocker", "--allow-root", "run", "--volume=/content:/content", "--volume=/content/omicsedge_phase1a/tools/rtg-tools-3.12.1:/opt/rtg-tools-3.12.1", "phase1a-happy-0315", "hap.py", "/content/omicsedge_phase1a/staged/HG002_GRCh38_v4.2.1.chr20_9999000_11001000.vcf.gz", "/content/omicsedge_phase1a/staged/ru88n_HG002.chr20_9999000_11001000.vcf.gz", "-f", "/content/omicsedge_phase1a/staged/HG002_v4.2.1.chr20.padded.bed", "-r", "/content/omicsedge_phase1a/staged/GCA_000001405.15_GRCh38_no_alt_analysis_set.chr20.fasta", "-o", "/content/omicsedge_phase1a/runs/ru88n/ru88n.happy", "-V", "--engine=vcfeval", "--engine-vcfeval-path=/opt/rtg-tools-3.12.1/rtg", "--engine-vcfeval-template", "/content/omicsedge_phase1a/staged/GCA_000001405.15_GRCh38_no_alt_analysis_set.chr20.sdf", "--threads=2"], "at": "2026-09-29T00:57:47Z", "cwd": "/content"}
{"argv": ["/usr/bin/time", "-v", "-o", "/content/omicsedge_phase1a/runs/ru88n/hap.py.time.txt", "udocker", "--allow-root", "run", "--volume=/content:/content", "--volume=/content/omicsedge_phase1a/tools/rtg-tools-3.12.1:/opt/rtg-tools-3.12.1", "phase1a-happy-0315", "hap.py", "/content/omicsedge_phase1a/staged/HG002_GRCh38_v4.2.1.chr20_9999000_11001000.vcf.gz", "/content/omicsedge_phase1a/staged/ru88n_HG002.chr20_9999000_11001000.vcf.gz", "-f", "/content/omicsedge_phase1a/staged/HG002_v4.2.1.chr20.padded.bed", "-r", "/content/omicsedge_phase1a/staged/GCA_000001405.15_GRCh38_no_alt_analysis_set.chr20.fasta", "-o", "/content/omicsedge_phase1a/runs/ru88n/ru88n.happy", "-V", "--engine=vcfeval", "--engine-vcfeval-path=/opt/rtg-tools-3.12.1/rtg", "--engine-vcfeval-template", "/content/omicsedge_phase1a/staged/GCA_000001405.15_GRCh38_no_alt_analysis_set.chr20.sdf", "--threads=2"], "at": "2026-09-29T00:57:47Z", "cwd": "/content"}
{"argv": ["tar", "-C", "/content", "-czf", "/content/omicsedge_phase1a_results.tar.gz", "omicsedge_phase1a_results"], "at": "2026-09-29T00:58:43Z", "cwd": "/content"}
{"argv": ["tar", "-C", "/content", "-czf", "/content/omicsedge_phase1a_results.tar.gz", "omicsedge_phase1a_results"], "at": "2026-09-29T00:59:16Z", "cwd": "/content"}
{"argv": ["tar", "-C", "/content", "-czf", "/content/omicsedge_phase1a_results.tar.gz", "omicsedge_phase1a_results"], "at": "2026-09-29T01:11:23Z", "cwd": "/content"}
{"argv": ["tar", "-C", "/content", "-czf", "/content/omicsedge_phase1a_results.tar.gz", "omicsedge_phase1a_results"], "at": "2026-09-29T01:13:21Z", "cwd": "/content"}
{"argv": ["tar", "-C", "/content", "-czf", "/content/omicsedge_phase1a_results.tar.gz", "omicsedge_phase1a_results"], "at": "2026-09-29T01:16:54Z", "cwd": "/content"}
{"argv": ["tar", "-C", "/content", "-czf", "/content/omicsedge_phase1a_results.tar.gz", "omicsedge_phase1a_results"], "at": "2026-09-29T01:17:37Z", "cwd": "/content"}
{"argv": ["tar", "-C", "/content", "-czf", "/content/omicsedge_phase1a_results.tar.gz", "omicsedge_phase1a_results"], "at": "2026-09-29T01:17:46Z", "cwd": "/content"}
